Gym has been unmaintained since 2022 and does not support NumPy 2.0 amongst other critical functionality.
Please upgrade to Gymnasium, the maintained drop-in replacement of Gym, or contact the authors of your software and request that they upgrade.
See the migration guide at https://gymnasium.farama.org/introduction/migration_guide/ for additional information.
/home/s4176650/.conda/envs/mikasa/lib/python3.11/site-packages/torch/cuda/__init__.py:54: FutureWarning: The pynvml package is deprecated. Please install nvidia-ml-py instead. If you did not install pynvml directly, please report this to the maintainers of the package that installed pynvml for you.
  import pynvml  # type: ignore[import]
/home/s4176650/.conda/envs/mikasa/lib/python3.11/site-packages/sapien/_vulkan_tricks.py:37: UserWarning: Failed to find Vulkan ICD file. This is probably due to an incorrect or partial installation of the NVIDIA driver. SAPIEN will attempt to provide an ICD file anyway but it may not work.
  warn(
wandb: Using wandb-core as the SDK backend. Please refer to https://wandb.me/wandb-core for more information.
wandb: Tracking run with wandb version 0.18.5
wandb: W&B syncing is set to `offline` in this directory.  
wandb: Run `wandb online` or set WANDB_MODE=online to enable cloud syncing.
/home/s4176650/.conda/envs/mikasa/lib/python3.11/site-packages/gymnasium/core.py:311: UserWarning: [33mWARN: env.device to get variables from other wrappers is deprecated and will be removed in v1.0, to get this variable you can do `env.unwrapped.device` for environment variables or `env.get_wrapper_attr('device')` that will search the reminding wrappers.[0m
  logger.warn(
/home/s4176650/.conda/envs/mikasa/lib/python3.11/site-packages/gymnasium/core.py:311: UserWarning: [33mWARN: env.update_obs_space to get variables from other wrappers is deprecated and will be removed in v1.0, to get this variable you can do `env.unwrapped.update_obs_space` for environment variables or `env.get_wrapper_attr('update_obs_space')` that will search the reminding wrappers.[0m
  logger.warn(
Error executing job with overrides: ['seed=33', 'wandb.offline_mode=true']
Traceback (most recent call last):
  File "/home/s4176650/.conda/envs/mikasa/lib/python3.11/site-packages/hydra/_internal/utils.py", line 650, in _locate
    obj = import_module(mod)
          ^^^^^^^^^^^^^^^^^^
  File "/home/s4176650/.conda/envs/mikasa/lib/python3.11/importlib/__init__.py", line 126, in import_module
    return _bootstrap._gcd_import(name[level:], package, level)
           ^^^^^^^^^^^^^^^^^^^^^^^^^^^^^^^^^^^^^^^^^^^^^^^^^^^^
  File "<frozen importlib._bootstrap>", line 1204, in _gcd_import
  File "<frozen importlib._bootstrap>", line 1176, in _find_and_load
  File "<frozen importlib._bootstrap>", line 1135, in _find_and_load_unlocked
ModuleNotFoundError: No module named 'model.flow.mlp_memorybank.VisionFlowMLPSlot'; 'model.flow.mlp_memorybank' is not a package

The above exception was the direct cause of the following exception:

Traceback (most recent call last):
  File "/home/s4176650/.conda/envs/mikasa/lib/python3.11/site-packages/hydra/_internal/instantiate/_instantiate2.py", line 134, in _resolve_target
    target = _locate(target)
             ^^^^^^^^^^^^^^^
  File "/home/s4176650/.conda/envs/mikasa/lib/python3.11/site-packages/hydra/_internal/utils.py", line 653, in _locate
    raise ImportError(
ImportError: Error loading 'model.flow.mlp_memorybank.VisionFlowMLPSlot':
ModuleNotFoundError("No module named 'model.flow.mlp_memorybank.VisionFlowMLPSlot'; 'model.flow.mlp_memorybank' is not a package")
Are you sure that 'VisionFlowMLPSlot' is importable from module 'model.flow.mlp_memorybank'?

The above exception was the direct cause of the following exception:

Traceback (most recent call last):
  File "/local/s4176650/ReinFlow/script/run.py", line 151, in <module>
    main()
  File "/home/s4176650/.conda/envs/mikasa/lib/python3.11/site-packages/hydra/main.py", line 94, in decorated_main
    _run_hydra(
  File "/home/s4176650/.conda/envs/mikasa/lib/python3.11/site-packages/hydra/_internal/utils.py", line 394, in _run_hydra
    _run_app(
  File "/home/s4176650/.conda/envs/mikasa/lib/python3.11/site-packages/hydra/_internal/utils.py", line 457, in _run_app
    run_and_report(
  File "/home/s4176650/.conda/envs/mikasa/lib/python3.11/site-packages/hydra/_internal/utils.py", line 223, in run_and_report
    raise ex
  File "/home/s4176650/.conda/envs/mikasa/lib/python3.11/site-packages/hydra/_internal/utils.py", line 220, in run_and_report
    return func()
           ^^^^^^
  File "/home/s4176650/.conda/envs/mikasa/lib/python3.11/site-packages/hydra/_internal/utils.py", line 458, in <lambda>
    lambda: hydra.run(
            ^^^^^^^^^^
  File "/home/s4176650/.conda/envs/mikasa/lib/python3.11/site-packages/hydra/_internal/hydra.py", line 132, in run
    _ = ret.return_value
        ^^^^^^^^^^^^^^^^
  File "/home/s4176650/.conda/envs/mikasa/lib/python3.11/site-packages/hydra/core/utils.py", line 260, in return_value
    raise self._return_value
  File "/home/s4176650/.conda/envs/mikasa/lib/python3.11/site-packages/hydra/core/utils.py", line 186, in run_job
    ret.return_value = task_function(task_cfg)
                       ^^^^^^^^^^^^^^^^^^^^^^^
  File "/local/s4176650/ReinFlow/script/run.py", line 146, in main
    agent = cls(cfg)
            ^^^^^^^^
  File "/local/s4176650/ReinFlow/agent/finetune/reinflow/train_ppo_flow_slot_mem_agent.py", line 43, in __init__
    super().__init__(cfg)
  File "/local/s4176650/ReinFlow/agent/finetune/reinflow/train_ppo_flow_agent.py", line 49, in __init__
    super().__init__(cfg)
  File "/local/s4176650/ReinFlow/agent/finetune/reinflow/train_ppo_agent.py", line 54, in __init__
    super().__init__(cfg)
  File "/local/s4176650/ReinFlow/agent/finetune/reinflow/train_agent.py", line 177, in __init__
    self.model = hydra.utils.instantiate(cfg.model)
                 ^^^^^^^^^^^^^^^^^^^^^^^^^^^^^^^^^^
  File "/home/s4176650/.conda/envs/mikasa/lib/python3.11/site-packages/hydra/_internal/instantiate/_instantiate2.py", line 226, in instantiate
    return instantiate_node(
           ^^^^^^^^^^^^^^^^^
  File "/home/s4176650/.conda/envs/mikasa/lib/python3.11/site-packages/hydra/_internal/instantiate/_instantiate2.py", line 342, in instantiate_node
    value = instantiate_node(
            ^^^^^^^^^^^^^^^^^
  File "/home/s4176650/.conda/envs/mikasa/lib/python3.11/site-packages/hydra/_internal/instantiate/_instantiate2.py", line 333, in instantiate_node
    _target_ = _resolve_target(node.get(_Keys.TARGET), full_key)
               ^^^^^^^^^^^^^^^^^^^^^^^^^^^^^^^^^^^^^^^^^^^^^^^^^
  File "/home/s4176650/.conda/envs/mikasa/lib/python3.11/site-packages/hydra/_internal/instantiate/_instantiate2.py", line 139, in _resolve_target
    raise InstantiationException(msg) from e
hydra.errors.InstantiationException: Error locating target 'model.flow.mlp_memorybank.VisionFlowMLPSlot', set env var HYDRA_FULL_ERROR=1 to see chained exception.
full_key: model.policy
