Gym has been unmaintained since 2022 and does not support NumPy 2.0 amongst other critical functionality.
Please upgrade to Gymnasium, the maintained drop-in replacement of Gym, or contact the authors of your software and request that they upgrade.
See the migration guide at https://gymnasium.farama.org/introduction/migration_guide/ for additional information.
Error executing job with overrides: ['wandb.offline_mode=True']
Traceback (most recent call last):
  File "/local/s4176650/ReinFlow/script/run.py", line 151, in <module>
    main()
  File "/home/s4176650/.conda/envs/mikasa/lib/python3.11/site-packages/hydra/main.py", line 94, in decorated_main
    _run_hydra(
  File "/home/s4176650/.conda/envs/mikasa/lib/python3.11/site-packages/hydra/_internal/utils.py", line 394, in _run_hydra
    _run_app(
  File "/home/s4176650/.conda/envs/mikasa/lib/python3.11/site-packages/hydra/_internal/utils.py", line 457, in _run_app
    run_and_report(
  File "/home/s4176650/.conda/envs/mikasa/lib/python3.11/site-packages/hydra/_internal/utils.py", line 223, in run_and_report
    raise ex
  File "/home/s4176650/.conda/envs/mikasa/lib/python3.11/site-packages/hydra/_internal/utils.py", line 220, in run_and_report
    return func()
           ^^^^^^
  File "/home/s4176650/.conda/envs/mikasa/lib/python3.11/site-packages/hydra/_internal/utils.py", line 458, in <lambda>
    lambda: hydra.run(
            ^^^^^^^^^^
  File "/home/s4176650/.conda/envs/mikasa/lib/python3.11/site-packages/hydra/_internal/hydra.py", line 132, in run
    _ = ret.return_value
        ^^^^^^^^^^^^^^^^
  File "/home/s4176650/.conda/envs/mikasa/lib/python3.11/site-packages/hydra/core/utils.py", line 260, in return_value
    raise self._return_value
  File "/home/s4176650/.conda/envs/mikasa/lib/python3.11/site-packages/hydra/core/utils.py", line 186, in run_job
    ret.return_value = task_function(task_cfg)
                       ^^^^^^^^^^^^^^^^^^^^^^^
  File "/local/s4176650/ReinFlow/script/run.py", line 110, in main
    download_url = get_dataset_download_url(cfg)
                   ^^^^^^^^^^^^^^^^^^^^^^^^^^^^^
  File "/local/s4176650/ReinFlow/script/download_url.py", line 125, in get_dataset_download_url
    raise ValueError(f"Unknown environment {env}")
ValueError: Unknown environment RememberShapeAndColor3x2-v0
srun: error: netherite: task 0: Exited with exit code 1
