Gym has been unmaintained since 2022 and does not support NumPy 2.0 amongst other critical functionality.
Please upgrade to Gymnasium, the maintained drop-in replacement of Gym, or contact the authors of your software and request that they upgrade.
See the migration guide at https://gymnasium.farama.org/introduction/migration_guide/ for additional information.
/home/s4176650/.conda/envs/mikasa/lib/python3.11/site-packages/torch/cuda/__init__.py:54: FutureWarning: The pynvml package is deprecated. Please install nvidia-ml-py instead. If you did not install pynvml directly, please report this to the maintainers of the package that installed pynvml for you.
  import pynvml  # type: ignore[import]
/home/s4176650/.conda/envs/mikasa/lib/python3.11/site-packages/sapien/_vulkan_tricks.py:37: UserWarning: Failed to find Vulkan ICD file. This is probably due to an incorrect or partial installation of the NVIDIA driver. SAPIEN will attempt to provide an ICD file anyway but it may not work.
  warn(
wandb: Using wandb-core as the SDK backend. Please refer to https://wandb.me/wandb-core for more information.
wandb: Tracking run with wandb version 0.18.5
wandb: W&B syncing is set to `offline` in this directory.  
wandb: Run `wandb online` or set WANDB_MODE=online to enable cloud syncing.
/home/s4176650/.conda/envs/mikasa/lib/python3.11/site-packages/gymnasium/core.py:311: UserWarning: [33mWARN: env.device to get variables from other wrappers is deprecated and will be removed in v1.0, to get this variable you can do `env.unwrapped.device` for environment variables or `env.get_wrapper_attr('device')` that will search the reminding wrappers.[0m
  logger.warn(
/home/s4176650/.conda/envs/mikasa/lib/python3.11/site-packages/gymnasium/core.py:311: UserWarning: [33mWARN: env.update_obs_space to get variables from other wrappers is deprecated and will be removed in v1.0, to get this variable you can do `env.unwrapped.update_obs_space` for environment variables or `env.get_wrapper_attr('update_obs_space')` that will search the reminding wrappers.[0m
  logger.warn(
Gym has been unmaintained since 2022 and does not support NumPy 2.0 amongst other critical functionality.
Please upgrade to Gymnasium, the maintained drop-in replacement of Gym, or contact the authors of your software and request that they upgrade.
See the migration guide at https://gymnasium.farama.org/introduction/migration_guide/ for additional information.
Traceback (most recent call last):
  File "/local/s4176650/ReinFlow/script/run.py", line 151, in <module>
    main()
  File "/home/s4176650/.conda/envs/mikasa/lib/python3.11/site-packages/hydra/main.py", line 94, in decorated_main
    _run_hydra(
  File "/home/s4176650/.conda/envs/mikasa/lib/python3.11/site-packages/hydra/_internal/utils.py", line 394, in _run_hydra
    _run_app(
  File "/home/s4176650/.conda/envs/mikasa/lib/python3.11/site-packages/hydra/_internal/utils.py", line 457, in _run_app
    run_and_report(
  File "/home/s4176650/.conda/envs/mikasa/lib/python3.11/site-packages/hydra/_internal/utils.py", line 223, in run_and_report
    raise ex
  File "/home/s4176650/.conda/envs/mikasa/lib/python3.11/site-packages/hydra/_internal/utils.py", line 220, in run_and_report
    return func()
           ^^^^^^
  File "/home/s4176650/.conda/envs/mikasa/lib/python3.11/site-packages/hydra/_internal/utils.py", line 458, in <lambda>
    lambda: hydra.run(
            ^^^^^^^^^^
  File "/home/s4176650/.conda/envs/mikasa/lib/python3.11/site-packages/hydra/_internal/hydra.py", line 119, in run
    ret = run_job(
          ^^^^^^^^
  File "/home/s4176650/.conda/envs/mikasa/lib/python3.11/site-packages/hydra/core/utils.py", line 116, in run_job
    output_dir = str(OmegaConf.select(config, job_dir_key))
                     ^^^^^^^^^^^^^^^^^^^^^^^^^^^^^^^^^^^^^
  File "/home/s4176650/.conda/envs/mikasa/lib/python3.11/site-packages/omegaconf/omegaconf.py", line 682, in select
    format_and_raise(node=cfg, key=key, value=None, cause=e, msg=str(e))
  File "/home/s4176650/.conda/envs/mikasa/lib/python3.11/site-packages/omegaconf/_utils.py", line 899, in format_and_raise
    _raise(ex, cause)
  File "/home/s4176650/.conda/envs/mikasa/lib/python3.11/site-packages/omegaconf/_utils.py", line 797, in _raise
    raise ex.with_traceback(sys.exc_info()[2])  # set env var OC_CAUSE=1 for full trace
    ^^^^^^^^^^^^^^^^^^^^^^^^^^^^^^^^^^^^^^^^^^
  File "/home/s4176650/.conda/envs/mikasa/lib/python3.11/site-packages/omegaconf/omegaconf.py", line 674, in select
    return select_value(
           ^^^^^^^^^^^^^
  File "/home/s4176650/.conda/envs/mikasa/lib/python3.11/site-packages/omegaconf/_impl.py", line 58, in select_value
    node = select_node(
           ^^^^^^^^^^^^
  File "/home/s4176650/.conda/envs/mikasa/lib/python3.11/site-packages/omegaconf/_impl.py", line 93, in select_node
    _root, _last_key, node = cfg._select_impl(
                             ^^^^^^^^^^^^^^^^^
  File "/home/s4176650/.conda/envs/mikasa/lib/python3.11/site-packages/omegaconf/base.py", line 531, in _select_impl
    value = root._maybe_resolve_interpolation(
            ^^^^^^^^^^^^^^^^^^^^^^^^^^^^^^^^^^
  File "/home/s4176650/.conda/envs/mikasa/lib/python3.11/site-packages/omegaconf/base.py", line 719, in _maybe_resolve_interpolation
    return self._resolve_interpolation_from_parse_tree(
           ^^^^^^^^^^^^^^^^^^^^^^^^^^^^^^^^^^^^^^^^^^^^
  File "/home/s4176650/.conda/envs/mikasa/lib/python3.11/site-packages/omegaconf/base.py", line 584, in _resolve_interpolation_from_parse_tree
    resolved = self.resolve_parse_tree(
               ^^^^^^^^^^^^^^^^^^^^^^^^
  File "/home/s4176650/.conda/envs/mikasa/lib/python3.11/site-packages/omegaconf/base.py", line 764, in resolve_parse_tree
    return visitor.visit(parse_tree)
           ^^^^^^^^^^^^^^^^^^^^^^^^^
  File "/home/s4176650/.conda/envs/mikasa/lib/python3.11/site-packages/antlr4/tree/Tree.py", line 34, in visit
    return tree.accept(self)
           ^^^^^^^^^^^^^^^^^
  File "/home/s4176650/.conda/envs/mikasa/lib/python3.11/site-packages/omegaconf/grammar/gen/OmegaConfGrammarParser.py", line 206, in accept
    return visitor.visitConfigValue(self)
           ^^^^^^^^^^^^^^^^^^^^^^^^^^^^^^
  File "/home/s4176650/.conda/envs/mikasa/lib/python3.11/site-packages/omegaconf/grammar_visitor.py", line 101, in visitConfigValue
    return self.visit(ctx.getChild(0))
           ^^^^^^^^^^^^^^^^^^^^^^^^^^^
  File "/home/s4176650/.conda/envs/mikasa/lib/python3.11/site-packages/antlr4/tree/Tree.py", line 34, in visit
    return tree.accept(self)
           ^^^^^^^^^^^^^^^^^
  File "/home/s4176650/.conda/envs/mikasa/lib/python3.11/site-packages/omegaconf/grammar/gen/OmegaConfGrammarParser.py", line 342, in accept
    return visitor.visitText(self)
           ^^^^^^^^^^^^^^^^^^^^^^^
  File "/home/s4176650/.conda/envs/mikasa/lib/python3.11/site-packages/omegaconf/grammar_visitor.py", line 298, in visitText
    return self.visitInterpolation(c)
           ^^^^^^^^^^^^^^^^^^^^^^^^^^
  File "/home/s4176650/.conda/envs/mikasa/lib/python3.11/site-packages/omegaconf/grammar_visitor.py", line 125, in visitInterpolation
    return self.visit(ctx.getChild(0))
           ^^^^^^^^^^^^^^^^^^^^^^^^^^^
  File "/home/s4176650/.conda/envs/mikasa/lib/python3.11/site-packages/antlr4/tree/Tree.py", line 34, in visit
    return tree.accept(self)
           ^^^^^^^^^^^^^^^^^
  File "/home/s4176650/.conda/envs/mikasa/lib/python3.11/site-packages/omegaconf/grammar/gen/OmegaConfGrammarParser.py", line 921, in accept
    return visitor.visitInterpolationNode(self)
           ^^^^^^^^^^^^^^^^^^^^^^^^^^^^^^^^^^^^
  File "/home/s4176650/.conda/envs/mikasa/lib/python3.11/site-packages/omegaconf/grammar_visitor.py", line 158, in visitInterpolationNode
    return self.node_interpolation_callback(inter_key, self.memo)
           ^^^^^^^^^^^^^^^^^^^^^^^^^^^^^^^^^^^^^^^^^^^^^^^^^^^^^^
  File "/home/s4176650/.conda/envs/mikasa/lib/python3.11/site-packages/omegaconf/base.py", line 745, in node_interpolation_callback
    return self._resolve_node_interpolation(inter_key=inter_key, memo=memo)
           ^^^^^^^^^^^^^^^^^^^^^^^^^^^^^^^^^^^^^^^^^^^^^^^^^^^^^^^^^^^^^^^^
  File "/home/s4176650/.conda/envs/mikasa/lib/python3.11/site-packages/omegaconf/base.py", line 664, in _resolve_node_interpolation
    parent, last_key, value = root_node._select_impl(
                              ^^^^^^^^^^^^^^^^^^^^^^^
  File "/home/s4176650/.conda/envs/mikasa/lib/python3.11/site-packages/omegaconf/base.py", line 531, in _select_impl
    value = root._maybe_resolve_interpolation(
            ^^^^^^^^^^^^^^^^^^^^^^^^^^^^^^^^^^
  File "/home/s4176650/.conda/envs/mikasa/lib/python3.11/site-packages/omegaconf/base.py", line 719, in _maybe_resolve_interpolation
    return self._resolve_interpolation_from_parse_tree(
           ^^^^^^^^^^^^^^^^^^^^^^^^^^^^^^^^^^^^^^^^^^^^
  File "/home/s4176650/.conda/envs/mikasa/lib/python3.11/site-packages/omegaconf/base.py", line 584, in _resolve_interpolation_from_parse_tree
    resolved = self.resolve_parse_tree(
               ^^^^^^^^^^^^^^^^^^^^^^^^
  File "/home/s4176650/.conda/envs/mikasa/lib/python3.11/site-packages/omegaconf/base.py", line 764, in resolve_parse_tree
    return visitor.visit(parse_tree)
           ^^^^^^^^^^^^^^^^^^^^^^^^^
  File "/home/s4176650/.conda/envs/mikasa/lib/python3.11/site-packages/antlr4/tree/Tree.py", line 34, in visit
    return tree.accept(self)
           ^^^^^^^^^^^^^^^^^
  File "/home/s4176650/.conda/envs/mikasa/lib/python3.11/site-packages/omegaconf/grammar/gen/OmegaConfGrammarParser.py", line 206, in accept
    return visitor.visitConfigValue(self)
           ^^^^^^^^^^^^^^^^^^^^^^^^^^^^^^
  File "/home/s4176650/.conda/envs/mikasa/lib/python3.11/site-packages/omegaconf/grammar_visitor.py", line 101, in visitConfigValue
    return self.visit(ctx.getChild(0))
           ^^^^^^^^^^^^^^^^^^^^^^^^^^^
  File "/home/s4176650/.conda/envs/mikasa/lib/python3.11/site-packages/antlr4/tree/Tree.py", line 34, in visit
    return tree.accept(self)
           ^^^^^^^^^^^^^^^^^
  File "/home/s4176650/.conda/envs/mikasa/lib/python3.11/site-packages/omegaconf/grammar/gen/OmegaConfGrammarParser.py", line 342, in accept
    return visitor.visitText(self)
           ^^^^^^^^^^^^^^^^^^^^^^^
  File "/home/s4176650/.conda/envs/mikasa/lib/python3.11/site-packages/omegaconf/grammar_visitor.py", line 301, in visitText
    return self._unescape(list(ctx.getChildren()))
           ^^^^^^^^^^^^^^^^^^^^^^^^^^^^^^^^^^^^^^^
  File "/home/s4176650/.conda/envs/mikasa/lib/python3.11/site-packages/omegaconf/grammar_visitor.py", line 389, in _unescape
    text = str(self.visitInterpolation(node))
               ^^^^^^^^^^^^^^^^^^^^^^^^^^^^^
  File "/home/s4176650/.conda/envs/mikasa/lib/python3.11/site-packages/omegaconf/grammar_visitor.py", line 125, in visitInterpolation
    return self.visit(ctx.getChild(0))
           ^^^^^^^^^^^^^^^^^^^^^^^^^^^
  File "/home/s4176650/.conda/envs/mikasa/lib/python3.11/site-packages/antlr4/tree/Tree.py", line 34, in visit
    return tree.accept(self)
           ^^^^^^^^^^^^^^^^^
  File "/home/s4176650/.conda/envs/mikasa/lib/python3.11/site-packages/omegaconf/grammar/gen/OmegaConfGrammarParser.py", line 921, in accept
    return visitor.visitInterpolationNode(self)
           ^^^^^^^^^^^^^^^^^^^^^^^^^^^^^^^^^^^^
  File "/home/s4176650/.conda/envs/mikasa/lib/python3.11/site-packages/omegaconf/grammar_visitor.py", line 158, in visitInterpolationNode
    return self.node_interpolation_callback(inter_key, self.memo)
           ^^^^^^^^^^^^^^^^^^^^^^^^^^^^^^^^^^^^^^^^^^^^^^^^^^^^^^
  File "/home/s4176650/.conda/envs/mikasa/lib/python3.11/site-packages/omegaconf/base.py", line 745, in node_interpolation_callback
    return self._resolve_node_interpolation(inter_key=inter_key, memo=memo)
           ^^^^^^^^^^^^^^^^^^^^^^^^^^^^^^^^^^^^^^^^^^^^^^^^^^^^^^^^^^^^^^^^
  File "/home/s4176650/.conda/envs/mikasa/lib/python3.11/site-packages/omegaconf/base.py", line 676, in _resolve_node_interpolation
    raise InterpolationKeyError(f"Interpolation key '{inter_key}' not found")
omegaconf.errors.InterpolationKeyError: Interpolation key 'topk' not found
    full_key: hydra.run.dir
    object_type=dict
