Gym has been unmaintained since 2022 and does not support NumPy 2.0 amongst other critical functionality.
Please upgrade to Gymnasium, the maintained drop-in replacement of Gym, or contact the authors of your software and request that they upgrade.
See the migration guide at https://gymnasium.farama.org/introduction/migration_guide/ for additional information.
Error executing job with overrides: ['seed=42', 'wandb.offline_mode=true']
Traceback (most recent call last):
  File "/local/s4176650/ReinFlow/script/run.py", line 151, in <module>
    main()
  File "/home/s4176650/.conda/envs/mikasa/lib/python3.11/site-packages/hydra/main.py", line 94, in decorated_main
    _run_hydra(
  File "/home/s4176650/.conda/envs/mikasa/lib/python3.11/site-packages/hydra/_internal/utils.py", line 394, in _run_hydra
    _run_app(
  File "/home/s4176650/.conda/envs/mikasa/lib/python3.11/site-packages/hydra/_internal/utils.py", line 457, in _run_app
    run_and_report(
  File "/home/s4176650/.conda/envs/mikasa/lib/python3.11/site-packages/hydra/_internal/utils.py", line 223, in run_and_report
    raise ex
  File "/home/s4176650/.conda/envs/mikasa/lib/python3.11/site-packages/hydra/_internal/utils.py", line 220, in run_and_report
    return func()
           ^^^^^^
  File "/home/s4176650/.conda/envs/mikasa/lib/python3.11/site-packages/hydra/_internal/utils.py", line 458, in <lambda>
    lambda: hydra.run(
            ^^^^^^^^^^
  File "/home/s4176650/.conda/envs/mikasa/lib/python3.11/site-packages/hydra/_internal/hydra.py", line 132, in run
    _ = ret.return_value
        ^^^^^^^^^^^^^^^^
  File "/home/s4176650/.conda/envs/mikasa/lib/python3.11/site-packages/hydra/core/utils.py", line 260, in return_value
    raise self._return_value
  File "/home/s4176650/.conda/envs/mikasa/lib/python3.11/site-packages/hydra/core/utils.py", line 186, in run_job
    ret.return_value = task_function(task_cfg)
                       ^^^^^^^^^^^^^^^^^^^^^^^
  File "/local/s4176650/ReinFlow/script/run.py", line 76, in main
    OmegaConf.resolve(cfg)
  File "/home/s4176650/.conda/envs/mikasa/lib/python3.11/site-packages/omegaconf/omegaconf.py", line 785, in resolve
    omegaconf._impl._resolve(cfg)
  File "/home/s4176650/.conda/envs/mikasa/lib/python3.11/site-packages/omegaconf/_impl.py", line 40, in _resolve
    _resolve_container_value(cfg, k)
  File "/home/s4176650/.conda/envs/mikasa/lib/python3.11/site-packages/omegaconf/_impl.py", line 14, in _resolve_container_value
    resolved = node._dereference_node()
               ^^^^^^^^^^^^^^^^^^^^^^^^
  File "/home/s4176650/.conda/envs/mikasa/lib/python3.11/site-packages/omegaconf/base.py", line 246, in _dereference_node
    node = self._dereference_node_impl(throw_on_resolution_failure=True)
           ^^^^^^^^^^^^^^^^^^^^^^^^^^^^^^^^^^^^^^^^^^^^^^^^^^^^^^^^^^^^^
  File "/home/s4176650/.conda/envs/mikasa/lib/python3.11/site-packages/omegaconf/base.py", line 277, in _dereference_node_impl
    return parent._resolve_interpolation_from_parse_tree(
           ^^^^^^^^^^^^^^^^^^^^^^^^^^^^^^^^^^^^^^^^^^^^^^
  File "/home/s4176650/.conda/envs/mikasa/lib/python3.11/site-packages/omegaconf/base.py", line 584, in _resolve_interpolation_from_parse_tree
    resolved = self.resolve_parse_tree(
               ^^^^^^^^^^^^^^^^^^^^^^^^
  File "/home/s4176650/.conda/envs/mikasa/lib/python3.11/site-packages/omegaconf/base.py", line 764, in resolve_parse_tree
    return visitor.visit(parse_tree)
           ^^^^^^^^^^^^^^^^^^^^^^^^^
  File "/home/s4176650/.conda/envs/mikasa/lib/python3.11/site-packages/antlr4/tree/Tree.py", line 34, in visit
    return tree.accept(self)
           ^^^^^^^^^^^^^^^^^
  File "/home/s4176650/.conda/envs/mikasa/lib/python3.11/site-packages/omegaconf/grammar/gen/OmegaConfGrammarParser.py", line 206, in accept
    return visitor.visitConfigValue(self)
           ^^^^^^^^^^^^^^^^^^^^^^^^^^^^^^
  File "/home/s4176650/.conda/envs/mikasa/lib/python3.11/site-packages/omegaconf/grammar_visitor.py", line 101, in visitConfigValue
    return self.visit(ctx.getChild(0))
           ^^^^^^^^^^^^^^^^^^^^^^^^^^^
  File "/home/s4176650/.conda/envs/mikasa/lib/python3.11/site-packages/antlr4/tree/Tree.py", line 34, in visit
    return tree.accept(self)
           ^^^^^^^^^^^^^^^^^
  File "/home/s4176650/.conda/envs/mikasa/lib/python3.11/site-packages/omegaconf/grammar/gen/OmegaConfGrammarParser.py", line 342, in accept
    return visitor.visitText(self)
           ^^^^^^^^^^^^^^^^^^^^^^^
  File "/home/s4176650/.conda/envs/mikasa/lib/python3.11/site-packages/omegaconf/grammar_visitor.py", line 301, in visitText
    return self._unescape(list(ctx.getChildren()))
           ^^^^^^^^^^^^^^^^^^^^^^^^^^^^^^^^^^^^^^^
  File "/home/s4176650/.conda/envs/mikasa/lib/python3.11/site-packages/omegaconf/grammar_visitor.py", line 389, in _unescape
    text = str(self.visitInterpolation(node))
               ^^^^^^^^^^^^^^^^^^^^^^^^^^^^^
  File "/home/s4176650/.conda/envs/mikasa/lib/python3.11/site-packages/omegaconf/grammar_visitor.py", line 125, in visitInterpolation
    return self.visit(ctx.getChild(0))
           ^^^^^^^^^^^^^^^^^^^^^^^^^^^
  File "/home/s4176650/.conda/envs/mikasa/lib/python3.11/site-packages/antlr4/tree/Tree.py", line 34, in visit
    return tree.accept(self)
           ^^^^^^^^^^^^^^^^^
  File "/home/s4176650/.conda/envs/mikasa/lib/python3.11/site-packages/omegaconf/grammar/gen/OmegaConfGrammarParser.py", line 921, in accept
    return visitor.visitInterpolationNode(self)
           ^^^^^^^^^^^^^^^^^^^^^^^^^^^^^^^^^^^^
  File "/home/s4176650/.conda/envs/mikasa/lib/python3.11/site-packages/omegaconf/grammar_visitor.py", line 158, in visitInterpolationNode
    return self.node_interpolation_callback(inter_key, self.memo)
           ^^^^^^^^^^^^^^^^^^^^^^^^^^^^^^^^^^^^^^^^^^^^^^^^^^^^^^
  File "/home/s4176650/.conda/envs/mikasa/lib/python3.11/site-packages/omegaconf/base.py", line 745, in node_interpolation_callback
    return self._resolve_node_interpolation(inter_key=inter_key, memo=memo)
           ^^^^^^^^^^^^^^^^^^^^^^^^^^^^^^^^^^^^^^^^^^^^^^^^^^^^^^^^^^^^^^^^
  File "/home/s4176650/.conda/envs/mikasa/lib/python3.11/site-packages/omegaconf/base.py", line 676, in _resolve_node_interpolation
    raise InterpolationKeyError(f"Interpolation key '{inter_key}' not found")
omegaconf.errors.InterpolationKeyError: Interpolation key 'use_topk' not found
