Gym has been unmaintained since 2022 and does not support NumPy 2.0 amongst other critical functionality.
Please upgrade to Gymnasium, the maintained drop-in replacement of Gym, or contact the authors of your software and request that they upgrade.
See the migration guide at https://gymnasium.farama.org/introduction/migration_guide/ for additional information.
/home/s4176650/.conda/envs/mikasa/lib/python3.11/site-packages/torch/cuda/__init__.py:54: FutureWarning: The pynvml package is deprecated. Please install nvidia-ml-py instead. If you did not install pynvml directly, please report this to the maintainers of the package that installed pynvml for you.
  import pynvml  # type: ignore[import]
/home/s4176650/.conda/envs/mikasa/lib/python3.11/site-packages/sapien/_vulkan_tricks.py:37: UserWarning: Failed to find Vulkan ICD file. This is probably due to an incorrect or partial installation of the NVIDIA driver. SAPIEN will attempt to provide an ICD file anyway but it may not work.
  warn(
wandb: Using wandb-core as the SDK backend. Please refer to https://wandb.me/wandb-core for more information.
wandb: Tracking run with wandb version 0.18.5
wandb: W&B syncing is set to `offline` in this directory.  
wandb: Run `wandb online` or set WANDB_MODE=online to enable cloud syncing.
/home/s4176650/.conda/envs/mikasa/lib/python3.11/site-packages/gymnasium/core.py:311: UserWarning: [33mWARN: env.device to get variables from other wrappers is deprecated and will be removed in v1.0, to get this variable you can do `env.unwrapped.device` for environment variables or `env.get_wrapper_attr('device')` that will search the reminding wrappers.[0m
  logger.warn(
/home/s4176650/.conda/envs/mikasa/lib/python3.11/site-packages/gymnasium/core.py:311: UserWarning: [33mWARN: env.update_obs_space to get variables from other wrappers is deprecated and will be removed in v1.0, to get this variable you can do `env.unwrapped.update_obs_space` for environment variables or `env.get_wrapper_attr('update_obs_space')` that will search the reminding wrappers.[0m
  logger.warn(
Error executing job with overrides: ['seed=42', 'wandb.offline_mode=true']
Traceback (most recent call last):
  File "/local/s4176650/ReinFlow/script/run.py", line 151, in <module>
    main()
  File "/home/s4176650/.conda/envs/mikasa/lib/python3.11/site-packages/hydra/main.py", line 94, in decorated_main
    _run_hydra(
  File "/home/s4176650/.conda/envs/mikasa/lib/python3.11/site-packages/hydra/_internal/utils.py", line 394, in _run_hydra
    _run_app(
  File "/home/s4176650/.conda/envs/mikasa/lib/python3.11/site-packages/hydra/_internal/utils.py", line 457, in _run_app
    run_and_report(
  File "/home/s4176650/.conda/envs/mikasa/lib/python3.11/site-packages/hydra/_internal/utils.py", line 223, in run_and_report
    raise ex
  File "/home/s4176650/.conda/envs/mikasa/lib/python3.11/site-packages/hydra/_internal/utils.py", line 220, in run_and_report
    return func()
           ^^^^^^
  File "/home/s4176650/.conda/envs/mikasa/lib/python3.11/site-packages/hydra/_internal/utils.py", line 458, in <lambda>
    lambda: hydra.run(
            ^^^^^^^^^^
  File "/home/s4176650/.conda/envs/mikasa/lib/python3.11/site-packages/hydra/_internal/hydra.py", line 132, in run
    _ = ret.return_value
        ^^^^^^^^^^^^^^^^
  File "/home/s4176650/.conda/envs/mikasa/lib/python3.11/site-packages/hydra/core/utils.py", line 260, in return_value
    raise self._return_value
  File "/home/s4176650/.conda/envs/mikasa/lib/python3.11/site-packages/hydra/core/utils.py", line 186, in run_job
    ret.return_value = task_function(task_cfg)
                       ^^^^^^^^^^^^^^^^^^^^^^^
  File "/local/s4176650/ReinFlow/script/run.py", line 147, in main
    agent.run()
  File "/local/s4176650/ReinFlow/agent/finetune/reinflow/train_ppo_flow_img_mem_learned_1_agent.py", line 219, in run
    action_samples, chains_venv = self.get_samples(cond=cond,
                                 ^^^^^^^^^^^^^^^^^^^^^^^^^^^
  File "/home/s4176650/.conda/envs/mikasa/lib/python3.11/site-packages/torch/utils/_contextlib.py", line 115, in decorate_context
    return func(*args, **kwargs)
           ^^^^^^^^^^^^^^^^^^^^^
  File "/local/s4176650/ReinFlow/agent/finetune/reinflow/train_ppo_flow_img_mem_learned_1_agent.py", line 138, in get_samples
    action_samples, chains_venv  = self.model.get_actions(cond,
                                  ^^^^^^^^^^^^^^^^^^^^^^^^^^^^
  File "/home/s4176650/.conda/envs/mikasa/lib/python3.11/site-packages/torch/utils/_contextlib.py", line 115, in decorate_context
    return func(*args, **kwargs)
           ^^^^^^^^^^^^^^^^^^^^^
  File "/local/s4176650/ReinFlow/model/flow/ft_ppo/ppoflow.py", line 361, in get_actions
    dist = Normal(xt, std)
           ^^^^^^^^^^^^^^^
  File "/home/s4176650/.conda/envs/mikasa/lib/python3.11/site-packages/torch/distributions/normal.py", line 56, in __init__
    super().__init__(batch_shape, validate_args=validate_args)
  File "/home/s4176650/.conda/envs/mikasa/lib/python3.11/site-packages/torch/distributions/distribution.py", line 68, in __init__
    raise ValueError(
ValueError: Expected parameter loc (Tensor of shape (200, 3, 8)) of distribution Normal(loc: torch.Size([200, 3, 8]), scale: torch.Size([200, 3, 8])) to satisfy the constraint Real(), but found invalid values:
tensor([[[ 0.9656,  0.9401,  0.4651,  ..., -0.3696,  0.4864,  0.6536],
         [ 0.7943,  0.5642,  0.8424,  ..., -0.1966,  0.8195,  0.1119],
         [ 0.6372,  0.8300,  0.6447,  ...,  0.5688,  0.3694,  0.1525]],

        [[ 0.1010,  0.5030,  0.2320,  ...,  0.0968,  0.0666, -0.0027],
         [ 0.2271,  0.7106,  0.0617,  ...,  0.1463, -0.0803, -0.3153],
         [ 0.1574,  0.5632,  0.0962,  ...,  0.3738,  0.3642,  0.0614]],

        [[ 0.4991,  0.8553,  0.2644,  ...,  0.2981,  0.0332, -0.1127],
         [-0.2536,  0.5597,  0.3103,  ...,  0.1385, -0.1422, -0.0305],
         [ 0.2238,  0.5375,  0.6232,  ..., -0.0723,  0.0811, -0.0815]],

        ...,

        [[ 0.4833,  0.4197,  0.6816,  ...,  0.4227,  0.0888,  0.4378],
         [ 0.7022,  0.2166,  0.8014,  ...,  0.2280,  0.6213,  0.4965],
         [ 0.9674, -0.1335,  0.8739,  ...,  0.0290,  1.0000,  0.7683]],

        [[ 0.0755,  0.8684,  0.3669,  ...,  0.0181,  0.4925,  0.0888],
         [ 0.2146,  0.4403,  0.8647,  ...,  0.2193,  0.1072,  0.0096],
         [ 0.1005,  0.8827,  0.8311,  ...,  0.1523,  0.4848,  0.0566]],

        [[ 0.3588,  0.2314,  0.8375,  ...,  0.8083,  0.3090,  0.6054],
         [ 0.6423,  0.2961,  1.0000,  ...,  0.8977,  0.3565,  0.6274],
         [ 1.0000, -0.0596,  1.0000,  ...,  0.0083,  0.6988,  1.0000]]],
       device='cuda:0')
